// Jest Snapshot v1, https://goo.gl/fbAQLP

exports[`Test Label 1`] = `
<View
  style={
    Object {
      "alignItems": "center",
      "alignSelf": "flex-start",
      "backgroundColor": "#1a1a1a",
      "borderRadius": 6,
      "marginBottom": 10,
      "marginRight": 10,
      "paddingHorizontal": 12,
      "paddingVertical": 4,
    }
  }
>
  <Text
    style={
      Array [
        Object {
          "fontFamily": "SourceSansPro_400Regular",
        },
        Object {
          "color": "#fff",
          "fontSize": 15.9375,
        },
      ]
    }
  >
    TestTitle
  </Text>
</View>
`;
